apiVersion: v1
kind: Namespace
metadata:
  annotations: {}
  labels:
    name: syn-operator-lifecycle-manager
    pod-security.kubernetes.io/audit: restricted
    pod-security.kubernetes.io/enforce: baseline
    pod-security.kubernetes.io/warn: restricted
  name: syn-operator-lifecycle-manager
