apiVersion: v1
kind: Namespace
metadata:
  annotations: {}
  labels:
    name: syn-operators
    pod-security.kubernetes.io/enforce: baseline
  name: syn-operators
