apiVersion: rbac.authorization.k8s.io/v1
kind: ClusterRole
metadata:
  labels:
    rbac.authorization.k8s.io/aggregate-to-admin: 'true'
    rbac.authorization.k8s.io/aggregate-to-edit: 'true'
  name: aggregate-olm-edit
rules:
  - apiGroups:
      - operators.coreos.com
    resources:
      - subscriptions
    verbs:
      - create
      - update
      - patch
      - delete
  - apiGroups:
      - operators.coreos.com
    resources:
      - clusterserviceversions
      - catalogsources
      - installplans
      - subscriptions
    verbs:
      - delete
---
apiVersion: rbac.authorization.k8s.io/v1
kind: ClusterRole
metadata:
  labels:
    rbac.authorization.k8s.io/aggregate-to-admin: 'true'
    rbac.authorization.k8s.io/aggregate-to-edit: 'true'
    rbac.authorization.k8s.io/aggregate-to-view: 'true'
  name: aggregate-olm-view
rules:
  - apiGroups:
      - operators.coreos.com
    resources:
      - clusterserviceversions
      - catalogsources
      - installplans
      - subscriptions
      - operatorgroups
    verbs:
      - get
      - list
      - watch
  - apiGroups:
      - packages.operators.coreos.com
    resources:
      - packagemanifests
      - packagemanifests/icon
    verbs:
      - get
      - list
      - watch
