apiVersion: operators.coreos.com/v1
kind: OperatorGroup
metadata:
  name: global-operators
  namespace: syn-operators
---
apiVersion: operators.coreos.com/v1
kind: OperatorGroup
metadata:
  name: olm-operators
  namespace: syn-operator-lifecycle-manager
spec:
  targetNamespaces:
    - syn-operator-lifecycle-manager
