apiVersion: v1
kind: ServiceAccount
metadata:
  name: olm-operator-serviceaccount
  namespace: syn-operator-lifecycle-manager
---
apiVersion: rbac.authorization.k8s.io/v1
kind: ClusterRole
metadata:
  name: system:controller:operator-lifecycle-manager
rules:
  - apiGroups:
      - '*'
    resources:
      - '*'
    verbs:
      - watch
      - list
      - get
      - create
      - update
      - patch
      - delete
      - deletecollection
      - escalate
      - bind
  - nonResourceURLs:
      - '*'
    verbs:
      - '*'
---
apiVersion: rbac.authorization.k8s.io/v1
kind: ClusterRoleBinding
metadata:
  name: olm-operator-binding-syn-operator-lifecycle-manager
roleRef:
  apiGroup: rbac.authorization.k8s.io
  kind: ClusterRole
  name: system:controller:operator-lifecycle-manager
subjects:
  - kind: ServiceAccount
    name: olm-operator-serviceaccount
    namespace: syn-operator-lifecycle-manager
