apiVersion: apps/v1
kind: Deployment
metadata:
  labels:
    app: olm-operator
  name: olm-operator
  namespace: syn-operator-lifecycle-manager
spec:
  replicas: 1
  selector:
    matchLabels:
      app: olm-operator
  strategy:
    type: RollingUpdate
  template:
    metadata:
      labels:
        app: olm-operator
    spec:
      containers:
        - args:
            - --namespace
            - $(OPERATOR_NAMESPACE)
            - --writeStatusName
            - ''
          command:
            - /bin/olm
          env:
            - name: OPERATOR_NAMESPACE
              valueFrom:
                fieldRef:
                  fieldPath: metadata.namespace
            - name: OPERATOR_NAME
              value: olm-operator
          image: quay.io/operator-framework/olm:master
          imagePullPolicy: Always
          livenessProbe:
            httpGet:
              path: /healthz
              port: 8080
              scheme: HTTP
          name: olm-operator
          ports:
            - containerPort: 8080
              name: metrics
          readinessProbe:
            httpGet:
              path: /healthz
              port: 8080
              scheme: HTTP
          resources:
            requests:
              cpu: 10m
              memory: 160Mi
          securityContext:
            allowPrivilegeEscalation: false
            capabilities:
              drop:
                - ALL
          terminationMessagePolicy: FallbackToLogsOnError
      nodeSelector:
        kubernetes.io/os: linux
      securityContext:
        runAsNonRoot: true
        seccompProfile:
          type: RuntimeDefault
      serviceAccountName: olm-operator-serviceaccount
