apiVersion: operators.coreos.com/v1alpha1
kind: CatalogSource
metadata:
  name: operatorhubio-catalog
  namespace: syn-operator-lifecycle-manager
spec:
  displayName: Community Operators
  grpcPodConfig:
    securityContextConfig: restricted
  image: quay.io/operatorhubio/catalog:latest
  publisher: OperatorHub.io
  sourceType: grpc
  updateStrategy:
    registryPoll:
      interval: 60m
